The minimal sign is "H".
The maximal sign is "w".
