The minimal sign is "
".
The maximal sign is "~".
