The minimal sign is "A".
The maximal sign is "a".
