The minimal sign is "s".
The maximal sign is "w".
