The minimal sign is "3".
The maximal sign is "y".
